≡ƒÜÇ Starting AI Refinement Test...
Γ£à API Key found (matches pattern)
≡ƒô¥ Testing with input: "patient has fever on jan 20"
node : 
At line:1 char:1
+ node test-ai-key.js > test_output.txt 2>&1
+ ~~~~~~~~~~~~~~~~~~~~~~~~~~~~~~~~~~~~~~~~~~
    + CategoryInfo          : NotSpecified:  
   (:String) [], RemoteException
    + FullyQualifiedErrorId : NativeCommandE 
   rror
 
Γ¥î AI ERROR: [GoogleGenerativeAI Error]: 
Error fetching from https://generativelanguag
e.googleapis.com/v1beta/models/gemini-1.5-fla
sh:generateContent: [404 Not Found] 
models/gemini-1.5-flash is not found for API 
version v1beta, or is not supported for 
generateContent. Call ListModels to see the 
list of available models and their supported 
methods.
